npm warn Unknown env config "http-proxy". This will stop working in the next major version of npm.

> salarymate-static-preview@4.3.2 test
> node --test --test-isolation=none tests/glass.test.mjs tests/reconcile.test.mjs tests/copy-month.test.mjs tests/comp-time.test.mjs tests/annual-analysis.test.mjs tests/rc-integration.test.mjs tests/rc2-fixes.test.mjs tests/stable432-freeze-pwa.test.mjs && node tests/stable432-site-gate.mjs

✔ 同期只取指定截止月、公司及兩年共同有紀錄月份 (2.395561ms)
✔ 未登錄不當作零，明確零收入仍是有效紀錄 (0.347934ms)
✔ 固定／變動以應發為分母，主副業以淨入帳為分母 (0.354224ms)
✔ 前期零或負收入不計增幅，負組成不計占比 (0.569849ms)
✔ 全部公司合計可切回單家公司，分析不改資料 (0.31164ms)
✔ 金額保留兩位小數，無可比資料時差額為空 (0.350168ms)
✔ CSV 支援中文、引號、換行並防止前置空白公式注入 (0.309477ms)
✔ 來源重複與跨公司不可轉入，必須有有效到期日 (0.66998ms)
✔ 確認補休按到期先後扣除，未連結及取消紀錄不扣帳本 (7.501307ms)
✔ 到期後不供請假，未用額顯示待結算且仍可人工記錄結算 (0.544531ms)
✔ 跨公司、超額、重複結算與來源遺失有異常 (1.646022ms)
✔ JSON 往返保留來源及結算，舊補休紀錄預設不連結 (0.19906ms)
✔ 跨年度只取同公司前一月，不取別家公司最新紀錄 (0.553344ms)
✔ 沒有前一月或來源多筆時阻止套用 (0.321574ms)
✔ 同公司目標月份重複阻止，不受其他公司同月影響 (0.149326ms)
✔ 固定項目保留，變動收入與扣項清除，核對重設 (0.171268ms)
✔ 預覽及修改草稿不改來源，來源變更可辨識 (0.414295ms)
✔ 拒絕無效月份與年份；保留時薪工時供下一步確認 (0.289607ms)
✔ default is fine; all three native radio choices are labelled (2.973733ms)
✔ each mode switches immediately and survives a new page session (3.745777ms)
✔ untrusted or obsolete stored values fall back without rewriting data (3.138581ms)
✔ invalid values and unrelated form changes are ignored (0.860017ms)
✔ unavailable storage and failed writes do not crash or imply persistence (0.795259ms)
✔ reduced motion overrides effects but preserves the chosen preference (1.126979ms)
✔ reduced transparency disables pointer glints and is explained (0.627636ms)
✔ pointer listener exists only for active high motion on a fine pointer (0.760116ms)
✔ pointer work is frame-throttled and cleared when leaving or changing modes (0.929832ms)
✔ switching spotlight cards removes stale highlights (0.791263ms)
✔ touch creates one local wave; rapid taps and mode changes clean it up (0.98134ms)
✔ tap feedback respects system preferences, visibility and protected controls (1.967455ms)
✔ cross-tab updates sync only the appearance key; clear returns to default (1.049422ms)
✔ settings sync when the existing dialog renders; observer scope is local (2.013305ms)
✔ actual app settings include glass controls; switching leaves loaded payroll untouched (30.094365ms)
✔ RC：Schema 13 載入與所有主要頁面不改寫原始薪資 (15.732319ms)
✔ RC：整合 CSV 與列印 HTML 下載遵循公司、年份、截止月且不重複計入補休結算 (11.10549ms)
✔ RC：JSON 備份確認前不寫入，還原與重新啟動保留核對、來源及結算 (12.39166ms)
✔ RC：損毀備份與寫入失敗時保持現有資料，恢復寫入後可重試 (8.217648ms)
✔ RC：核對確認保存，切換公司後舊草稿不得保存 (7.293705ms)
✔ RC：報表中的公司名稱經 HTML 跳脫及 CSV 公式防護 (5.48046ms)
✔ RC2：較新 Schema 備份拒絕還原，未知資料與現有資料不被覆寫 (7.35066ms)
✔ RC2：本機較新 Schema 啟動失敗時保留原始位元組 (2.411065ms)
✔ RC2：重複識別碼、非陣列與空白資料列備份拒絕且不改寫 (13.08254ms)
✔ RC2：薪資、請假、出勤 CSV 皆防止前置空白與 BOM 公式文字 (6.936987ms)
✔ RC2：無來源、重複來源與未發生補休不列入目前可用時數 (3.03219ms)
✔ RC2：異常補休不扣加班費，年度轉補休時數與工時估算一致 (10.908603ms)
✔ RC2：他公司異常補休不阻擋正常公司的結算 (4.114022ms)
✔ RC2：年度重複讀取一致，還原更新後重新計算，不沿用舊快取 (9.597137ms)
✔ RC2：中文組字期間不重繪搜尋欄，確認後篩選並保留游標 (3.883243ms)
✔ 薪資實領不包含副業，自訂項目與自提均納入 (0.273222ms)
✔ 未填不可視為零或完成 (0.631602ms)
✔ 完整一致才可確認，差一分仍有差異 (0.501386ms)
✔ 修改薪資、公司、月份或來源會使核對失效 (0.426533ms)
✔ 未同步提示阻止完成，但仍可保存草稿 (0.333283ms)
✔ JSON 往返保留核對，缺少核對資料的舊備份可載入 (0.266342ms)
✔ 拒絕無效數值，零與負數有效；核對不改薪資 (0.233231ms)
✖ Stable：候選執行資產與逐檔 SHA-256 凍結清單一致 (2.767482ms)
✖ RC：PWA 安裝完整快取所有功能模組與入口 (4.964874ms)
✖ RC：PWA 啟用只刪除 SalaryMate 舊快取，保留目前與其他應用快取 (0.903211ms)
✔ RC：PWA 斷線讀快取／導航入口，成功請求更新快取且略過跨站與寫入請求 (5.193899ms)
✖ Stable：目前版本快取命中免網路，根目錄與 GitHub 子路徑皆適用 (1.236905ms)
✔ Stable：版本資產缺快取才下載，舊版或其他路徑不能誤中目前版本 (1.879213ms)
ℹ tests 61
ℹ suites 0
ℹ pass 57
ℹ fail 4
ℹ cancelled 0
ℹ skipped 0
ℹ todo 0
ℹ duration_ms 249.010712

✖ failing tests:

test at tests/stable432-freeze-pwa.test.mjs:10:1
✖ Stable：候選執行資產與逐檔 SHA-256 凍結清單一致 (2.767482ms)
  AssertionError [ERR_ASSERTION]: Expected values to be strictly deep-equal:
  + actual - expected
  ... Skipped lines
  
    [
      'dist/annual-analysis.css',
      'dist/annual-analysis.js',
      'dist/app.js',
      'dist/bootstrap.js',
  ...
      'dist/dev/v4.3.1-dev.1/styles.css',
  +   'dist/dev/v4.3.3-dev.1/THIRD_PARTY_NOTICES.txt',
  +   'dist/dev/v4.3.3-dev.1/annual-analysis.css',
  +   'dist/dev/v4.3.3-dev.1/annual-analysis.js',
  +   'dist/dev/v4.3.3-dev.1/app.js',
  +   'dist/dev/v4.3.3-dev.1/bootstrap.js',
  +   'dist/dev/v4.3.3-dev.1/comp-time.js',
  +   'dist/dev/v4.3.3-dev.1/copy-month.js',
  +   'dist/dev/v4.3.3-dev.1/glass.css',
  +   'dist/dev/v4.3.3-dev.1/glass.js',
  +   'dist/dev/v4.3.3-dev.1/icons/app-icon.svg',
  +   'dist/dev/v4.3.3-dev.1/icons/icon-192.png',
  +   'dist/dev/v4.3.3-dev.1/icons/icon-512.png',
  +   'dist/dev/v4.3.3-dev.1/icons/icon-maskable-512.png',
  +   'dist/dev/v4.3.3-dev.1/index.html',
  +   'dist/dev/v4.3.3-dev.1/legal-data.js',
  +   'dist/dev/v4.3.3-dev.1/legal.html',
  +   'dist/dev/v4.3.3-dev.1/manifest.webmanifest',
  +   'dist/dev/v4.3.3-dev.1/reconcile.css',
  +   'dist/dev/v4.3.3-dev.1/reconcile.js',
  +   'dist/dev/v4.3.3-dev.1/release-polish.css',
  +   'dist/dev/v4.3.3-dev.1/styles.css',
  +   'dist/dev/v4.3.3-dev.1/sw.js',
  +   'dist/dev/v5.0.0-dev.1/app.js',
  +   'dist/dev/v5.0.0-dev.1/core.js',
  +   'dist/dev/v5.0.0-dev.1/icon.svg',
  +   'dist/dev/v5.0.0-dev.1/index.html',
  +   'dist/dev/v5.0.0-dev.1/manifest.webmanifest',
  +   'dist/dev/v5.0.0-dev.1/styles.css',
  +   'dist/dev/v5.0.0-dev.1/sw.js',
  +   'dist/dev/v5.0.0-dev.2/annual-analysis.js',
  +   'dist/dev/v5.0.0-dev.2/app.js',
  +   'dist/dev/v5.0.0-dev.2/backup.js',
  +   'dist/dev/v5.0.0-dev.2/bootstrap.js',
  +   'dist/dev/v5.0.0-dev.2/comp-time.js',
  +   'dist/dev/v5.0.0-dev.2/copy-month.js',
  +   'dist/dev/v5.0.0-dev.2/google-drive-ui.js',
  +   'dist/dev/v5.0.0-dev.2/google-drive.js',
  +   'dist/dev/v5.0.0-dev.2/i18n-en.js',
  +   'dist/dev/v5.0.0-dev.2/i18n.js',
  +   'dist/dev/v5.0.0-dev.2/icons/app-icon.svg',
  +   'dist/dev/v5.0.0-dev.2/icons/icon-192.png',
  +   'dist/dev/v5.0.0-dev.2/icons/icon-512.png',
  +   'dist/dev/v5.0.0-dev.2/icons/icon-maskable-512.png',
  +   'dist/dev/v5.0.0-dev.2/index.html',
  +   'dist/dev/v5.0.0-dev.2/legal-data.js',
  +   'dist/dev/v5.0.0-dev.2/legal.html',
  +   'dist/dev/v5.0.0-dev.2/manifest.webmanifest',
  +   'dist/dev/v5.0.0-dev.2/reconcile.js',
  +   'dist/dev/v5.0.0-dev.2/stocks-integrations.js',
  +   'dist/dev/v5.0.0-dev.2/stocks-ui.js',
  +   'dist/dev/v5.0.0-dev.2/stocks.js',
  +   'dist/dev/v5.0.0-dev.2/styles.css',
  +   'dist/dev/v5.0.0-dev.2/sw.js',
      'dist/glass.css',
      'dist/glass.js',
      'dist/icons/app-icon.svg',
      'dist/icons/icon-192.png',
      'dist/icons/icon-512.png',
  ...
      'dist/release-polish.css',
  +   'dist/server/index.js',
      'dist/styles.css',
      'dist/sw.js'
    ]
  
      at TestContext.<anonymous> (file:///workspace/scratch/48f8e9b0d640/salarymate-site/tests/stable432-freeze-pwa.test.mjs:12:10)
      at Test.runInAsyncScope (node:async_hooks:227:14)
      at Test.run (node:internal/test_runner/test:1382:25)
      at Test.processPendingSubtests (node:internal/test_runner/test:960:18)
      at Test.postRun (node:internal/test_runner/test:1522:19)
      at Test.run (node:internal/test_runner/test:1447:12)
      at async Test.processPendingSubtests (node:internal/test_runner/test:960:7) {
    generatedMessage: true,
    code: 'ERR_ASSERTION',
    actual: [Array],
    expected: [Array],
    operator: 'deepStrictEqual',
    diff: 'simple'
  }

test at tests/stable432-freeze-pwa.test.mjs:29:1
✖ RC：PWA 安裝完整快取所有功能模組與入口 (4.964874ms)
  AssertionError [ERR_ASSERTION]: The expression evaluated to a falsy value:
  
    assert(runtime.cached.includes(`./${name}?v=4.3.2`))
  
      at TestContext.<anonymous> (file:///workspace/scratch/48f8e9b0d640/salarymate-site/tests/stable432-freeze-pwa.test.mjs:31:168)
      at async Test.run (node:internal/test_runner/test:1389:7)
      at async Test.processPendingSubtests (node:internal/test_runner/test:960:7) {
    generatedMessage: true,
    code: 'ERR_ASSERTION',
    actual: false,
    expected: true,
    operator: '==',
    diff: 'simple'
  }

test at tests/stable432-freeze-pwa.test.mjs:36:1
✖ RC：PWA 啟用只刪除 SalaryMate 舊快取，保留目前與其他應用快取 (0.903211ms)
  AssertionError [ERR_ASSERTION]: Expected values to be strictly deep-equal:
  + actual - expected
  
    [
      'salarymate-shell-v4.3.2-dev.4',
  +   'salarymate-shell-v4.3.2'
    ]
  
      at TestContext.<anonymous> (file:///workspace/scratch/48f8e9b0d640/salarymate-site/tests/stable432-freeze-pwa.test.mjs:38:10)
      at async Test.run (node:internal/test_runner/test:1389:7)
      at async Test.processPendingSubtests (node:internal/test_runner/test:960:7) {
    generatedMessage: true,
    code: 'ERR_ASSERTION',
    actual: [Array],
    expected: [Array],
    operator: 'deepStrictEqual',
    diff: 'simple'
  }

test at tests/stable432-freeze-pwa.test.mjs:52:1
✖ Stable：目前版本快取命中免網路，根目錄與 GitHub 子路徑皆適用 (1.236905ms)
  AssertionError [ERR_ASSERTION]: Values have same structure but are not reference-equal:
  
  Response {}
  
      at TestContext.<anonymous> (file:///workspace/scratch/48f8e9b0d640/salarymate-site/tests/stable432-freeze-pwa.test.mjs:57:12)
      at async Test.run (node:internal/test_runner/test:1389:7)
      at async Test.processPendingSubtests (node:internal/test_runner/test:960:7) {
    generatedMessage: true,
    code: 'ERR_ASSERTION',
    actual: Response {},
    expected: Response {},
    operator: 'strictEqual',
    diff: 'simple'
  }
